

================================================================
== Vitis HLS Report for 'filter_afbeelding'
================================================================
* Date:           Sat May 23 03:40:17 2026

* Version:        2025.2 (Build 6295257 on Nov 14 2025)
* Project:        2D_Convolutie_HLS
* Solution:       hls (Vivado IP Flow Target)
* Product family: zynq
* Target device:  xc7z020-clg400-1


================================================================
== Performance Estimates
================================================================
+ Timing: 
    * Summary: 
    +--------+----------+----------+------------+
    |  Clock |  Target  | Estimated| Uncertainty|
    +--------+----------+----------+------------+
    |ap_clk  |  10.00 ns|  7.300 ns|     2.70 ns|
    +--------+----------+----------+------------+

+ Latency: 
    * Summary: 
    +---------+---------+----------+----------+-----+-----+---------+
    |  Latency (cycles) |  Latency (absolute) |  Interval | Pipeline|
    |   min   |   max   |    min   |    max   | min | max |   Type  |
    +---------+---------+----------+----------+-----+-----+---------+
    |        ?|        ?|         ?|         ?|    ?|    ?|       no|
    +---------+---------+----------+----------+-----+-----+---------+

    + Detail: 
        * Instance: 
        +-----------------------------------------------------------+------------------------------------------------+---------+---------+----------+----------+-----+-----+-------------------+
        |                                                           |                                                |  Latency (cycles) |  Latency (absolute) |  Interval |      Pipeline     |
        |                          Instance                         |                     Module                     |   min   |   max   |    min   |    max   | min | max |        Type       |
        +-----------------------------------------------------------+------------------------------------------------+---------+---------+----------+----------+-----+-----+-------------------+
        |grp_filter_afbeelding_Pipeline_Loop_Rows_Loop_Cols_fu_116  |filter_afbeelding_Pipeline_Loop_Rows_Loop_Cols  |        ?|        ?|         ?|         ?|    0|    0|  loop pipeline stp|
        +-----------------------------------------------------------+------------------------------------------------+---------+---------+----------+----------+-----+-----+-------------------+

        * Loop: 
        N/A



================================================================
== Utilization Estimates
================================================================
* Summary: 
+-----------------+---------+-----+--------+-------+-----+
|       Name      | BRAM_18K| DSP |   FF   |  LUT  | URAM|
+-----------------+---------+-----+--------+-------+-----+
|DSP              |        -|    -|       -|      -|    -|
|Expression       |        -|    -|       0|    417|    -|
|FIFO             |        -|    -|       -|      -|    -|
|Instance         |        6|   12|    3438|   3315|    0|
|Memory           |        -|    -|       -|      -|    -|
|Multiplexer      |        -|    -|       0|    152|    -|
|Register         |        -|    -|     615|      -|    -|
+-----------------+---------+-----+--------+-------+-----+
|Total            |        6|   12|    4053|   3884|    0|
+-----------------+---------+-----+--------+-------+-----+
|Available        |      280|  220|  106400|  53200|    0|
+-----------------+---------+-----+--------+-------+-----+
|Utilization (%)  |        2|    5|       3|      7|    0|
+-----------------+---------+-----+--------+-------+-----+

+ Detail: 
    * Instance: 
    +-----------------------------------------------------------+------------------------------------------------+---------+----+------+------+-----+
    |                          Instance                         |                     Module                     | BRAM_18K| DSP|  FF  |  LUT | URAM|
    +-----------------------------------------------------------+------------------------------------------------+---------+----+------+------+-----+
    |grp_filter_afbeelding_Pipeline_Loop_Rows_Loop_Cols_fu_116  |filter_afbeelding_Pipeline_Loop_Rows_Loop_Cols  |        2|   4|  1498|  1413|    0|
    |gmem_invoer_m_axi_U                                        |gmem_invoer_m_axi                               |        2|   0|   675|   662|    0|
    |gmem_uitvoer_m_axi_U                                       |gmem_uitvoer_m_axi                              |        2|   0|   669|   654|    0|
    |mul_31ns_31ns_62_2_1_U14                                   |mul_31ns_31ns_62_2_1                            |        0|   4|   141|    48|    0|
    |mul_32ns_32ns_63_2_1_U15                                   |mul_32ns_32ns_63_2_1                            |        0|   4|   165|    50|    0|
    |vitis_control_s_axi_U                                      |vitis_control_s_axi                             |        0|   0|   290|   488|    0|
    +-----------------------------------------------------------+------------------------------------------------+---------+----+------+------+-----+
    |Total                                                      |                                                |        6|  12|  3438|  3315|    0|
    +-----------------------------------------------------------+------------------------------------------------+---------+----+------+------+-----+

    * DSP: 
    N/A

    * Memory: 
    N/A

    * FIFO: 
    N/A

    * Expression: 
    +-------------------------+----------+----+---+----+------------+------------+
    |      Variable Name      | Operation| DSP| FF| LUT| Bitwidth P0| Bitwidth P1|
    +-------------------------+----------+----+---+----+------------+------------+
    |add_ln37_fu_227_p2       |         +|   0|  0|  40|          33|           3|
    |sub_ln37_fu_251_p2       |         -|   0|  0|  40|           1|          33|
    |icmp_ln37_1_fu_237_p2    |      icmp|   0|  0|  40|          33|           1|
    |icmp_ln37_fu_147_p2      |      icmp|   0|  0|  39|          32|           1|
    |icmp_ln38_fu_153_p2      |      icmp|   0|  0|  39|          32|           1|
    |empty_fu_183_p3          |    select|   0|  0|  63|           1|          63|
    |select_ln37_1_fu_243_p3  |    select|   0|  0|  31|           1|          31|
    |select_ln37_fu_177_p3    |    select|   0|  0|  63|           1|          63|
    |smax12_fu_196_p3         |    select|   0|  0|  31|           1|          31|
    |smax_fu_190_p3           |    select|   0|  0|  31|           1|          31|
    +-------------------------+----------+----+---+----+------------+------------+
    |Total                    |          |   0|  0| 417|         136|         258|
    +-------------------------+----------+----+---+----+------------+------------+

    * Multiplexer: 
    +------------------------+----+-----------+-----+-----------+
    |          Name          | LUT| Input Size| Bits| Total Bits|
    +------------------------+----+-----------+-----+-----------+
    |ap_NS_fsm               |  65|         15|    1|         15|
    |gmem_invoer_0_ARADDR    |  14|          3|   64|        192|
    |gmem_invoer_0_ARLEN     |  14|          3|   32|         96|
    |gmem_invoer_0_ARVALID   |  14|          3|    1|          3|
    |gmem_invoer_0_RREADY    |   9|          2|    1|          2|
    |gmem_invoer_blk_n_AR    |   9|          2|    1|          2|
    |gmem_uitvoer_0_AWVALID  |   9|          2|    1|          2|
    |gmem_uitvoer_0_BREADY   |   9|          2|    1|          2|
    |gmem_uitvoer_0_WVALID   |   9|          2|    1|          2|
    +------------------------+----+-----------+-----+-----------+
    |Total                   | 152|         34|  103|        316|
    +------------------------+----+-----------+-----+-----------+

    * Register: 
    +------------------------------------------------------------------------+----+----+-----+-----------+
    |                                  Name                                  | FF | LUT| Bits| Const Bits|
    +------------------------------------------------------------------------+----+----+-----+-----------+
    |ap_CS_fsm                                                               |  14|   0|   14|          0|
    |breedte_read_reg_262                                                    |  32|   0|   32|          0|
    |empty_reg_318                                                           |  63|   0|   63|          0|
    |grp_filter_afbeelding_Pipeline_Loop_Rows_Loop_Cols_fu_116_ap_start_reg  |   1|   0|    1|          0|
    |hoogte_read_reg_257                                                     |  32|   0|   32|          0|
    |icmp_ln37_reg_285                                                       |   1|   0|    1|          0|
    |icmp_ln38_reg_291                                                       |   1|   0|    1|          0|
    |mul_ln37_reg_313                                                        |  63|   0|   63|          0|
    |mul_ln3_reg_363                                                         |  62|   0|   62|          0|
    |select_ln37_1_reg_358                                                   |  31|   0|   31|          0|
    |smax12_reg_328                                                          |  31|   0|   31|          0|
    |smax_reg_323                                                            |  31|   0|   31|          0|
    |sub_ln37_reg_368                                                        |  33|   0|   33|          0|
    |trunc_ln3_1_reg_280                                                     |  31|   0|   31|          0|
    |trunc_ln3_reg_275                                                       |  31|   0|   31|          0|
    |trunc_ln_reg_297                                                        |  62|   0|   62|          0|
    |uitvoer_pixels_read_reg_270                                             |  64|   0|   64|          0|
    |zext_ln37_1_reg_353                                                     |  32|   0|   33|          1|
    +------------------------------------------------------------------------+----+----+-----+-----------+
    |Total                                                                   | 615|   0|  616|          1|
    +------------------------------------------------------------------------+----+----+-----+-----------+



================================================================
== Interface
================================================================
* Summary: 
+-----------------------------+-----+-----+------------+-------------------+--------------+
|          RTL Ports          | Dir | Bits|  Protocol  |   Source Object   |    C Type    |
+-----------------------------+-----+-----+------------+-------------------+--------------+
|s_axi_vitis_control_AWVALID  |   in|    1|       s_axi|      vitis_control|        scalar|
|s_axi_vitis_control_AWREADY  |  out|    1|       s_axi|      vitis_control|        scalar|
|s_axi_vitis_control_AWADDR   |   in|    6|       s_axi|      vitis_control|        scalar|
|s_axi_vitis_control_WVALID   |   in|    1|       s_axi|      vitis_control|        scalar|
|s_axi_vitis_control_WREADY   |  out|    1|       s_axi|      vitis_control|        scalar|
|s_axi_vitis_control_WDATA    |   in|   32|       s_axi|      vitis_control|        scalar|
|s_axi_vitis_control_WSTRB    |   in|    4|       s_axi|      vitis_control|        scalar|
|s_axi_vitis_control_ARVALID  |   in|    1|       s_axi|      vitis_control|        scalar|
|s_axi_vitis_control_ARREADY  |  out|    1|       s_axi|      vitis_control|        scalar|
|s_axi_vitis_control_ARADDR   |   in|    6|       s_axi|      vitis_control|        scalar|
|s_axi_vitis_control_RVALID   |  out|    1|       s_axi|      vitis_control|        scalar|
|s_axi_vitis_control_RREADY   |   in|    1|       s_axi|      vitis_control|        scalar|
|s_axi_vitis_control_RDATA    |  out|   32|       s_axi|      vitis_control|        scalar|
|s_axi_vitis_control_RRESP    |  out|    2|       s_axi|      vitis_control|        scalar|
|s_axi_vitis_control_BVALID   |  out|    1|       s_axi|      vitis_control|        scalar|
|s_axi_vitis_control_BREADY   |   in|    1|       s_axi|      vitis_control|        scalar|
|s_axi_vitis_control_BRESP    |  out|    2|       s_axi|      vitis_control|        scalar|
|ap_clk                       |   in|    1|  ap_ctrl_hs|  filter_afbeelding|  return value|
|ap_rst_n                     |   in|    1|  ap_ctrl_hs|  filter_afbeelding|  return value|
|interrupt                    |  out|    1|  ap_ctrl_hs|  filter_afbeelding|  return value|
|m_axi_gmem_invoer_AWVALID    |  out|    1|       m_axi|        gmem_invoer|       pointer|
|m_axi_gmem_invoer_AWREADY    |   in|    1|       m_axi|        gmem_invoer|       pointer|
|m_axi_gmem_invoer_AWADDR     |  out|   64|       m_axi|        gmem_invoer|       pointer|
|m_axi_gmem_invoer_AWID       |  out|    1|       m_axi|        gmem_invoer|       pointer|
|m_axi_gmem_invoer_AWLEN      |  out|    8|       m_axi|        gmem_invoer|       pointer|
|m_axi_gmem_invoer_AWSIZE     |  out|    3|       m_axi|        gmem_invoer|       pointer|
|m_axi_gmem_invoer_AWBURST    |  out|    2|       m_axi|        gmem_invoer|       pointer|
|m_axi_gmem_invoer_AWLOCK     |  out|    2|       m_axi|        gmem_invoer|       pointer|
|m_axi_gmem_invoer_AWCACHE    |  out|    4|       m_axi|        gmem_invoer|       pointer|
|m_axi_gmem_invoer_AWPROT     |  out|    3|       m_axi|        gmem_invoer|       pointer|
|m_axi_gmem_invoer_AWQOS      |  out|    4|       m_axi|        gmem_invoer|       pointer|
|m_axi_gmem_invoer_AWREGION   |  out|    4|       m_axi|        gmem_invoer|       pointer|
|m_axi_gmem_invoer_AWUSER     |  out|    1|       m_axi|        gmem_invoer|       pointer|
|m_axi_gmem_invoer_WVALID     |  out|    1|       m_axi|        gmem_invoer|       pointer|
|m_axi_gmem_invoer_WREADY     |   in|    1|       m_axi|        gmem_invoer|       pointer|
|m_axi_gmem_invoer_WDATA      |  out|   32|       m_axi|        gmem_invoer|       pointer|
|m_axi_gmem_invoer_WSTRB      |  out|    4|       m_axi|        gmem_invoer|       pointer|
|m_axi_gmem_invoer_WLAST      |  out|    1|       m_axi|        gmem_invoer|       pointer|
|m_axi_gmem_invoer_WID        |  out|    1|       m_axi|        gmem_invoer|       pointer|
|m_axi_gmem_invoer_WUSER      |  out|    1|       m_axi|        gmem_invoer|       pointer|
|m_axi_gmem_invoer_ARVALID    |  out|    1|       m_axi|        gmem_invoer|       pointer|
|m_axi_gmem_invoer_ARREADY    |   in|    1|       m_axi|        gmem_invoer|       pointer|
|m_axi_gmem_invoer_ARADDR     |  out|   64|       m_axi|        gmem_invoer|       pointer|
|m_axi_gmem_invoer_ARID       |  out|    1|       m_axi|        gmem_invoer|       pointer|
|m_axi_gmem_invoer_ARLEN      |  out|    8|       m_axi|        gmem_invoer|       pointer|
|m_axi_gmem_invoer_ARSIZE     |  out|    3|       m_axi|        gmem_invoer|       pointer|
|m_axi_gmem_invoer_ARBURST    |  out|    2|       m_axi|        gmem_invoer|       pointer|
|m_axi_gmem_invoer_ARLOCK     |  out|    2|       m_axi|        gmem_invoer|       pointer|
|m_axi_gmem_invoer_ARCACHE    |  out|    4|       m_axi|        gmem_invoer|       pointer|
|m_axi_gmem_invoer_ARPROT     |  out|    3|       m_axi|        gmem_invoer|       pointer|
|m_axi_gmem_invoer_ARQOS      |  out|    4|       m_axi|        gmem_invoer|       pointer|
|m_axi_gmem_invoer_ARREGION   |  out|    4|       m_axi|        gmem_invoer|       pointer|
|m_axi_gmem_invoer_ARUSER     |  out|    1|       m_axi|        gmem_invoer|       pointer|
|m_axi_gmem_invoer_RVALID     |   in|    1|       m_axi|        gmem_invoer|       pointer|
|m_axi_gmem_invoer_RREADY     |  out|    1|       m_axi|        gmem_invoer|       pointer|
|m_axi_gmem_invoer_RDATA      |   in|   32|       m_axi|        gmem_invoer|       pointer|
|m_axi_gmem_invoer_RLAST      |   in|    1|       m_axi|        gmem_invoer|       pointer|
|m_axi_gmem_invoer_RID        |   in|    1|       m_axi|        gmem_invoer|       pointer|
|m_axi_gmem_invoer_RUSER      |   in|    1|       m_axi|        gmem_invoer|       pointer|
|m_axi_gmem_invoer_RRESP      |   in|    2|       m_axi|        gmem_invoer|       pointer|
|m_axi_gmem_invoer_BVALID     |   in|    1|       m_axi|        gmem_invoer|       pointer|
|m_axi_gmem_invoer_BREADY     |  out|    1|       m_axi|        gmem_invoer|       pointer|
|m_axi_gmem_invoer_BRESP      |   in|    2|       m_axi|        gmem_invoer|       pointer|
|m_axi_gmem_invoer_BID        |   in|    1|       m_axi|        gmem_invoer|       pointer|
|m_axi_gmem_invoer_BUSER      |   in|    1|       m_axi|        gmem_invoer|       pointer|
|m_axi_gmem_uitvoer_AWVALID   |  out|    1|       m_axi|       gmem_uitvoer|       pointer|
|m_axi_gmem_uitvoer_AWREADY   |   in|    1|       m_axi|       gmem_uitvoer|       pointer|
|m_axi_gmem_uitvoer_AWADDR    |  out|   64|       m_axi|       gmem_uitvoer|       pointer|
|m_axi_gmem_uitvoer_AWID      |  out|    1|       m_axi|       gmem_uitvoer|       pointer|
|m_axi_gmem_uitvoer_AWLEN     |  out|    8|       m_axi|       gmem_uitvoer|       pointer|
|m_axi_gmem_uitvoer_AWSIZE    |  out|    3|       m_axi|       gmem_uitvoer|       pointer|
|m_axi_gmem_uitvoer_AWBURST   |  out|    2|       m_axi|       gmem_uitvoer|       pointer|
|m_axi_gmem_uitvoer_AWLOCK    |  out|    2|       m_axi|       gmem_uitvoer|       pointer|
|m_axi_gmem_uitvoer_AWCACHE   |  out|    4|       m_axi|       gmem_uitvoer|       pointer|
|m_axi_gmem_uitvoer_AWPROT    |  out|    3|       m_axi|       gmem_uitvoer|       pointer|
|m_axi_gmem_uitvoer_AWQOS     |  out|    4|       m_axi|       gmem_uitvoer|       pointer|
|m_axi_gmem_uitvoer_AWREGION  |  out|    4|       m_axi|       gmem_uitvoer|       pointer|
|m_axi_gmem_uitvoer_AWUSER    |  out|    1|       m_axi|       gmem_uitvoer|       pointer|
|m_axi_gmem_uitvoer_WVALID    |  out|    1|       m_axi|       gmem_uitvoer|       pointer|
|m_axi_gmem_uitvoer_WREADY    |   in|    1|       m_axi|       gmem_uitvoer|       pointer|
|m_axi_gmem_uitvoer_WDATA     |  out|   32|       m_axi|       gmem_uitvoer|       pointer|
|m_axi_gmem_uitvoer_WSTRB     |  out|    4|       m_axi|       gmem_uitvoer|       pointer|
|m_axi_gmem_uitvoer_WLAST     |  out|    1|       m_axi|       gmem_uitvoer|       pointer|
|m_axi_gmem_uitvoer_WID       |  out|    1|       m_axi|       gmem_uitvoer|       pointer|
|m_axi_gmem_uitvoer_WUSER     |  out|    1|       m_axi|       gmem_uitvoer|       pointer|
|m_axi_gmem_uitvoer_ARVALID   |  out|    1|       m_axi|       gmem_uitvoer|       pointer|
|m_axi_gmem_uitvoer_ARREADY   |   in|    1|       m_axi|       gmem_uitvoer|       pointer|
|m_axi_gmem_uitvoer_ARADDR    |  out|   64|       m_axi|       gmem_uitvoer|       pointer|
|m_axi_gmem_uitvoer_ARID      |  out|    1|       m_axi|       gmem_uitvoer|       pointer|
|m_axi_gmem_uitvoer_ARLEN     |  out|    8|       m_axi|       gmem_uitvoer|       pointer|
|m_axi_gmem_uitvoer_ARSIZE    |  out|    3|       m_axi|       gmem_uitvoer|       pointer|
|m_axi_gmem_uitvoer_ARBURST   |  out|    2|       m_axi|       gmem_uitvoer|       pointer|
|m_axi_gmem_uitvoer_ARLOCK    |  out|    2|       m_axi|       gmem_uitvoer|       pointer|
|m_axi_gmem_uitvoer_ARCACHE   |  out|    4|       m_axi|       gmem_uitvoer|       pointer|
|m_axi_gmem_uitvoer_ARPROT    |  out|    3|       m_axi|       gmem_uitvoer|       pointer|
|m_axi_gmem_uitvoer_ARQOS     |  out|    4|       m_axi|       gmem_uitvoer|       pointer|
|m_axi_gmem_uitvoer_ARREGION  |  out|    4|       m_axi|       gmem_uitvoer|       pointer|
|m_axi_gmem_uitvoer_ARUSER    |  out|    1|       m_axi|       gmem_uitvoer|       pointer|
|m_axi_gmem_uitvoer_RVALID    |   in|    1|       m_axi|       gmem_uitvoer|       pointer|
|m_axi_gmem_uitvoer_RREADY    |  out|    1|       m_axi|       gmem_uitvoer|       pointer|
|m_axi_gmem_uitvoer_RDATA     |   in|   32|       m_axi|       gmem_uitvoer|       pointer|
|m_axi_gmem_uitvoer_RLAST     |   in|    1|       m_axi|       gmem_uitvoer|       pointer|
|m_axi_gmem_uitvoer_RID       |   in|    1|       m_axi|       gmem_uitvoer|       pointer|
|m_axi_gmem_uitvoer_RUSER     |   in|    1|       m_axi|       gmem_uitvoer|       pointer|
|m_axi_gmem_uitvoer_RRESP     |   in|    2|       m_axi|       gmem_uitvoer|       pointer|
|m_axi_gmem_uitvoer_BVALID    |   in|    1|       m_axi|       gmem_uitvoer|       pointer|
|m_axi_gmem_uitvoer_BREADY    |  out|    1|       m_axi|       gmem_uitvoer|       pointer|
|m_axi_gmem_uitvoer_BRESP     |   in|    2|       m_axi|       gmem_uitvoer|       pointer|
|m_axi_gmem_uitvoer_BID       |   in|    1|       m_axi|       gmem_uitvoer|       pointer|
|m_axi_gmem_uitvoer_BUSER     |   in|    1|       m_axi|       gmem_uitvoer|       pointer|
+-----------------------------+-----+-----+------------+-------------------+--------------+

