

================================================================
== Vitis HLS Report for 'filter_afbeelding'
================================================================
* Date:           Sat May 23 03:40:15 2026

* Version:        2025.2 (Build 6295257 on Nov 14 2025)
* Project:        2D_Convolutie_HLS
* Solution:       hls (Vivado IP Flow Target)
* Product family: zynq
* Target device:  xc7z020-clg400-1


================================================================
== Performance Estimates
================================================================
+ Timing: 
    * Summary: 
    +--------+----------+----------+------------+
    |  Clock |  Target  | Estimated| Uncertainty|
    +--------+----------+----------+------------+
    |ap_clk  |  10.00 ns|  7.300 ns|     2.70 ns|
    +--------+----------+----------+------------+

+ Latency: 
    * Summary: 
    +---------+---------+----------+----------+-----+-----+---------+
    |  Latency (cycles) |  Latency (absolute) |  Interval | Pipeline|
    |   min   |   max   |    min   |    max   | min | max |   Type  |
    +---------+---------+----------+----------+-----+-----+---------+
    |        ?|        ?|         ?|         ?|    ?|    ?|       no|
    +---------+---------+----------+----------+-----+-----+---------+

    + Detail: 
        * Instance: 
        N/A

        * Loop: 
        N/A

============================================================
+ Verbose Summary: Synthesis Manager
============================================================
InlineROM: 1
ExposeGlobal: 0
============================================================
+ Verbose Summary: CDFG Model
============================================================
IsTopModel: 1
ResetActiveHigh: 1
IsCombinational: 0
IsDatapathOnly: 0
HasWiredReturn: 1
HasMFsm: 0
HasVarLatency: 1
IsPipeline: 0
IsRtlPipelined: 0
IsInstanceOverlapped: 0
IsDontTouch: 0
HasImplIP: 0
IsGatedGlobalClock: 0


============================================================
+ Verbose Summary: Schedule
============================================================
* Number of FSM states : 14
* Pipeline : 0
* Dataflow Pipeline: 0

* FSM state transitions: 
1 --> 2 
2 --> 3 
3 --> 4 
4 --> 5 
5 --> 6 
6 --> 7 
7 --> 8 
8 --> 9 
9 --> 10 
10 --> 11 
11 --> 12 
12 --> 13 
13 --> 14 
14 --> 

* FSM state operations: 

State 1 <SV = 0> <Delay = 3.55>
ST_1 : Operation 15 [1/1] (1.00ns)   --->   "%hoogte_read = read i32 @_ssdm_op_Read.s_axilite.i32, i32 %hoogte" [convolutie_2d.cpp:3]   --->   Operation 15 'read' 'hoogte_read' <Predicate = true> <Delay = 1.00> <CoreInst = "s_axilite">   --->   Core 112 's_axilite' <Latency = 0> <II = 1> <Delay = 1.00> <Adapter> <Opcode : 'read' 'write'>
ST_1 : Operation 16 [1/1] (1.00ns)   --->   "%breedte_read = read i32 @_ssdm_op_Read.s_axilite.i32, i32 %breedte" [convolutie_2d.cpp:3]   --->   Operation 16 'read' 'breedte_read' <Predicate = true> <Delay = 1.00> <CoreInst = "s_axilite">   --->   Core 112 's_axilite' <Latency = 0> <II = 1> <Delay = 1.00> <Adapter> <Opcode : 'read' 'write'>
ST_1 : Operation 17 [1/1] (1.00ns)   --->   "%uitvoer_pixels_read = read i64 @_ssdm_op_Read.s_axilite.i64, i64 %uitvoer_pixels" [convolutie_2d.cpp:3]   --->   Operation 17 'read' 'uitvoer_pixels_read' <Predicate = true> <Delay = 1.00> <CoreInst = "s_axilite">   --->   Core 112 's_axilite' <Latency = 0> <II = 1> <Delay = 1.00> <Adapter> <Opcode : 'read' 'write'>
ST_1 : Operation 18 [1/1] (1.00ns)   --->   "%invoer_pixels_read = read i64 @_ssdm_op_Read.s_axilite.i64, i64 %invoer_pixels" [convolutie_2d.cpp:3]   --->   Operation 18 'read' 'invoer_pixels_read' <Predicate = true> <Delay = 1.00> <CoreInst = "s_axilite">   --->   Core 112 's_axilite' <Latency = 0> <II = 1> <Delay = 1.00> <Adapter> <Opcode : 'read' 'write'>
ST_1 : Operation 19 [1/1] (0.00ns)   --->   "%trunc_ln3 = trunc i32 %breedte_read" [convolutie_2d.cpp:3]   --->   Operation 19 'trunc' 'trunc_ln3' <Predicate = true> <Delay = 0.00>
ST_1 : Operation 20 [1/1] (0.00ns)   --->   "%trunc_ln3_1 = trunc i32 %hoogte_read" [convolutie_2d.cpp:3]   --->   Operation 20 'trunc' 'trunc_ln3_1' <Predicate = true> <Delay = 0.00>
ST_1 : Operation 21 [1/1] (2.55ns)   --->   "%icmp_ln37 = icmp_sgt  i32 %hoogte_read, i32 0" [convolutie_2d.cpp:37]   --->   Operation 21 'icmp' 'icmp_ln37' <Predicate = true> <Delay = 2.55> <CoreInst = "Cmp">   --->   Core 9 'Cmp' <Latency = 0> <II = 1> <Delay = 2.55> <FuncUnit> <Opcode : 'seteq' 'setne' 'setle' 'setge' 'setlt' 'setgt'> <InPorts = 2> <OutPorts = 1>
ST_1 : Operation 22 [1/1] (2.55ns)   --->   "%icmp_ln38 = icmp_sgt  i32 %breedte_read, i32 0" [convolutie_2d.cpp:38]   --->   Operation 22 'icmp' 'icmp_ln38' <Predicate = true> <Delay = 2.55> <CoreInst = "Cmp">   --->   Core 9 'Cmp' <Latency = 0> <II = 1> <Delay = 2.55> <FuncUnit> <Opcode : 'seteq' 'setne' 'setle' 'setge' 'setlt' 'setgt'> <InPorts = 2> <OutPorts = 1>
ST_1 : Operation 23 [1/1] (0.00ns)   --->   "%trunc_ln = partselect i62 @_ssdm_op_PartSelect.i62.i64.i32.i32, i64 %invoer_pixels_read, i32 2, i32 63" [convolutie_2d.cpp:37]   --->   Operation 23 'partselect' 'trunc_ln' <Predicate = true> <Delay = 0.00>

State 2 <SV = 1> <Delay = 6.91>
ST_2 : Operation 24 [1/1] (0.00ns)   --->   "%zext_ln37 = zext i32 %breedte_read" [convolutie_2d.cpp:37]   --->   Operation 24 'zext' 'zext_ln37' <Predicate = (icmp_ln38 & icmp_ln37)> <Delay = 0.00>
ST_2 : Operation 25 [1/1] (0.00ns)   --->   "%zext_ln37_2 = zext i32 %hoogte_read" [convolutie_2d.cpp:37]   --->   Operation 25 'zext' 'zext_ln37_2' <Predicate = (icmp_ln38 & icmp_ln37)> <Delay = 0.00>
ST_2 : Operation 26 [2/2] (6.91ns)   --->   "%mul_ln37 = mul i63 %zext_ln37_2, i63 %zext_ln37" [convolutie_2d.cpp:37]   --->   Operation 26 'mul' 'mul_ln37' <Predicate = (icmp_ln38 & icmp_ln37)> <Delay = 6.91> <CoreInst = "Multiplier">   --->   Core 3 'Multiplier' <Latency = 1> <II = 1> <Delay = 6.91> <FuncUnit> <Opcode : 'mul'> <InPorts = 2> <OutPorts = 1>

State 3 <SV = 2> <Delay = 6.91>
ST_3 : Operation 27 [1/2] (6.91ns)   --->   "%mul_ln37 = mul i63 %zext_ln37_2, i63 %zext_ln37" [convolutie_2d.cpp:37]   --->   Operation 27 'mul' 'mul_ln37' <Predicate = (icmp_ln38 & icmp_ln37)> <Delay = 6.91> <CoreInst = "Multiplier">   --->   Core 3 'Multiplier' <Latency = 1> <II = 1> <Delay = 6.91> <FuncUnit> <Opcode : 'mul'> <InPorts = 2> <OutPorts = 1>

State 4 <SV = 3> <Delay = 1.41>
ST_4 : Operation 28 [1/1] (0.00ns) (grouped into LUT with out node empty)   --->   "%select_ln37 = select i1 %icmp_ln38, i63 %mul_ln37, i63 0" [convolutie_2d.cpp:37]   --->   Operation 28 'select' 'select_ln37' <Predicate = (icmp_ln37)> <Delay = 0.00> <CoreInst = "Sel">   --->   Core 73 'Sel' <Latency = 0> <II = 1> <Delay = 1.41> <FuncUnit> <Opcode : 'select'> <InPorts = 3> <OutPorts = 1>
ST_4 : Operation 29 [1/1] (1.41ns) (out node of the LUT)   --->   "%empty = select i1 %icmp_ln37, i63 %select_ln37, i63 0" [convolutie_2d.cpp:37]   --->   Operation 29 'select' 'empty' <Predicate = true> <Delay = 1.41> <CoreInst = "Sel">   --->   Core 73 'Sel' <Latency = 0> <II = 1> <Delay = 1.41> <FuncUnit> <Opcode : 'select'> <InPorts = 3> <OutPorts = 1>
ST_4 : Operation 30 [1/1] (0.73ns)   --->   "%smax = select i1 %icmp_ln37, i31 %trunc_ln3_1, i31 0" [convolutie_2d.cpp:37]   --->   Operation 30 'select' 'smax' <Predicate = true> <Delay = 0.73> <CoreInst = "Sel">   --->   Core 73 'Sel' <Latency = 0> <II = 1> <Delay = 0.73> <FuncUnit> <Opcode : 'select'> <InPorts = 3> <OutPorts = 1>
ST_4 : Operation 31 [1/1] (0.73ns)   --->   "%smax12 = select i1 %icmp_ln38, i31 %trunc_ln3, i31 0" [convolutie_2d.cpp:38]   --->   Operation 31 'select' 'smax12' <Predicate = true> <Delay = 0.73> <CoreInst = "Sel">   --->   Core 73 'Sel' <Latency = 0> <II = 1> <Delay = 0.73> <FuncUnit> <Opcode : 'select'> <InPorts = 3> <OutPorts = 1>

State 5 <SV = 4> <Delay = 7.30>
ST_5 : Operation 32 [1/1] (0.00ns)   --->   "%sext_ln37 = sext i62 %trunc_ln" [convolutie_2d.cpp:37]   --->   Operation 32 'sext' 'sext_ln37' <Predicate = true> <Delay = 0.00>
ST_5 : Operation 33 [1/1] (0.00ns)   --->   "%gmem_invoer_addr = getelementptr i32 %gmem_invoer, i64 %sext_ln37" [convolutie_2d.cpp:37]   --->   Operation 33 'getelementptr' 'gmem_invoer_addr' <Predicate = true> <Delay = 0.00>
ST_5 : Operation 34 [1/1] (0.00ns)   --->   "%zext_ln37_3 = zext i63 %empty" [convolutie_2d.cpp:37]   --->   Operation 34 'zext' 'zext_ln37_3' <Predicate = true> <Delay = 0.00>
ST_5 : Operation 35 [8/8] (7.30ns)   --->   "%empty_49 = readreq i1 @_ssdm_op_ReadReq.m_axi.p1i32, i32 %gmem_invoer_addr, i64 %zext_ln37_3" [convolutie_2d.cpp:37]   --->   Operation 35 'readreq' 'empty_49' <Predicate = true> <Delay = 7.30> <CoreInst = "m_axi">   --->   Core 111 'm_axi' <Latency = 6> <II = 1> <Delay = 1.00> <Adapter> <Opcode : 'readrequnaligned' 'writerequnaligned' 'read' 'write' 'readreq' 'writereq' 'writeresp'>

State 6 <SV = 5> <Delay = 0.00>
ST_6 : Operation 36 [7/8] (7.30ns)   --->   "%empty_49 = readreq i1 @_ssdm_op_ReadReq.m_axi.p1i32, i32 %gmem_invoer_addr, i64 %zext_ln37_3" [convolutie_2d.cpp:37]   --->   Operation 36 'readreq' 'empty_49' <Predicate = true> <Delay = 7.30> <CoreInst = "m_axi">   --->   Core 111 'm_axi' <Latency = 6> <II = 1> <Delay = 1.00> <Adapter> <Opcode : 'readrequnaligned' 'writerequnaligned' 'read' 'write' 'readreq' 'writereq' 'writeresp'>

State 7 <SV = 6> <Delay = 0.00>
ST_7 : Operation 37 [6/8] (7.30ns)   --->   "%empty_49 = readreq i1 @_ssdm_op_ReadReq.m_axi.p1i32, i32 %gmem_invoer_addr, i64 %zext_ln37_3" [convolutie_2d.cpp:37]   --->   Operation 37 'readreq' 'empty_49' <Predicate = true> <Delay = 7.30> <CoreInst = "m_axi">   --->   Core 111 'm_axi' <Latency = 6> <II = 1> <Delay = 1.00> <Adapter> <Opcode : 'readrequnaligned' 'writerequnaligned' 'read' 'write' 'readreq' 'writereq' 'writeresp'>

State 8 <SV = 7> <Delay = 0.00>
ST_8 : Operation 38 [5/8] (7.30ns)   --->   "%empty_49 = readreq i1 @_ssdm_op_ReadReq.m_axi.p1i32, i32 %gmem_invoer_addr, i64 %zext_ln37_3" [convolutie_2d.cpp:37]   --->   Operation 38 'readreq' 'empty_49' <Predicate = true> <Delay = 7.30> <CoreInst = "m_axi">   --->   Core 111 'm_axi' <Latency = 6> <II = 1> <Delay = 1.00> <Adapter> <Opcode : 'readrequnaligned' 'writerequnaligned' 'read' 'write' 'readreq' 'writereq' 'writeresp'>

State 9 <SV = 8> <Delay = 0.00>
ST_9 : Operation 39 [4/8] (7.30ns)   --->   "%empty_49 = readreq i1 @_ssdm_op_ReadReq.m_axi.p1i32, i32 %gmem_invoer_addr, i64 %zext_ln37_3" [convolutie_2d.cpp:37]   --->   Operation 39 'readreq' 'empty_49' <Predicate = true> <Delay = 7.30> <CoreInst = "m_axi">   --->   Core 111 'm_axi' <Latency = 6> <II = 1> <Delay = 1.00> <Adapter> <Opcode : 'readrequnaligned' 'writerequnaligned' 'read' 'write' 'readreq' 'writereq' 'writeresp'>

State 10 <SV = 9> <Delay = 0.00>
ST_10 : Operation 40 [3/8] (7.30ns)   --->   "%empty_49 = readreq i1 @_ssdm_op_ReadReq.m_axi.p1i32, i32 %gmem_invoer_addr, i64 %zext_ln37_3" [convolutie_2d.cpp:37]   --->   Operation 40 'readreq' 'empty_49' <Predicate = true> <Delay = 7.30> <CoreInst = "m_axi">   --->   Core 111 'm_axi' <Latency = 6> <II = 1> <Delay = 1.00> <Adapter> <Opcode : 'readrequnaligned' 'writerequnaligned' 'read' 'write' 'readreq' 'writereq' 'writeresp'>

State 11 <SV = 10> <Delay = 6.91>
ST_11 : Operation 41 [2/8] (7.30ns)   --->   "%empty_49 = readreq i1 @_ssdm_op_ReadReq.m_axi.p1i32, i32 %gmem_invoer_addr, i64 %zext_ln37_3" [convolutie_2d.cpp:37]   --->   Operation 41 'readreq' 'empty_49' <Predicate = true> <Delay = 7.30> <CoreInst = "m_axi">   --->   Core 111 'm_axi' <Latency = 6> <II = 1> <Delay = 1.00> <Adapter> <Opcode : 'readrequnaligned' 'writerequnaligned' 'read' 'write' 'readreq' 'writereq' 'writeresp'>
ST_11 : Operation 42 [1/1] (0.00ns)   --->   "%zext_ln3 = zext i31 %smax" [convolutie_2d.cpp:3]   --->   Operation 42 'zext' 'zext_ln3' <Predicate = true> <Delay = 0.00>
ST_11 : Operation 43 [1/1] (0.00ns)   --->   "%zext_ln3_1 = zext i31 %smax12" [convolutie_2d.cpp:3]   --->   Operation 43 'zext' 'zext_ln3_1' <Predicate = true> <Delay = 0.00>
ST_11 : Operation 44 [2/2] (6.91ns)   --->   "%mul_ln3 = mul i62 %zext_ln3, i62 %zext_ln3_1" [convolutie_2d.cpp:3]   --->   Operation 44 'mul' 'mul_ln3' <Predicate = true> <Delay = 6.91> <CoreInst = "Multiplier">   --->   Core 3 'Multiplier' <Latency = 1> <II = 1> <Delay = 6.91> <FuncUnit> <Opcode : 'mul'> <InPorts = 2> <OutPorts = 1>

State 12 <SV = 11> <Delay = 7.30>
ST_12 : Operation 45 [1/1] (0.00ns)   --->   "%zext_ln37_1 = zext i32 %breedte_read" [convolutie_2d.cpp:37]   --->   Operation 45 'zext' 'zext_ln37_1' <Predicate = true> <Delay = 0.00>
ST_12 : Operation 46 [1/8] ( I:7.30ns O:7.30ns )   --->   "%empty_49 = readreq i1 @_ssdm_op_ReadReq.m_axi.p1i32, i32 %gmem_invoer_addr, i64 %zext_ln37_3" [convolutie_2d.cpp:37]   --->   Operation 46 'readreq' 'empty_49' <Predicate = true> <Delay = 7.30> <CoreInst = "m_axi">   --->   Core 111 'm_axi' <Latency = 6> <II = 1> <Delay = 1.00> <Adapter> <Opcode : 'readrequnaligned' 'writerequnaligned' 'read' 'write' 'readreq' 'writereq' 'writeresp'>
ST_12 : Operation 47 [1/1] (2.55ns)   --->   "%add_ln37 = add i33 %zext_ln37_1, i33 8589934590" [convolutie_2d.cpp:37]   --->   Operation 47 'add' 'add_ln37' <Predicate = true> <Delay = 2.55> <CoreInst = "Adder">   --->   Core 1 'Adder' <Latency = 0> <II = 1> <Delay = 2.55> <FuncUnit> <Opcode : 'add' 'sub'> <InPorts = 2> <OutPorts = 1>
ST_12 : Operation 48 [1/1] (0.00ns)   --->   "%trunc_ln37 = trunc i33 %add_ln37" [convolutie_2d.cpp:37]   --->   Operation 48 'trunc' 'trunc_ln37' <Predicate = true> <Delay = 0.00>
ST_12 : Operation 49 [1/1] (2.59ns)   --->   "%icmp_ln37_1 = icmp_sgt  i33 %add_ln37, i33 0" [convolutie_2d.cpp:37]   --->   Operation 49 'icmp' 'icmp_ln37_1' <Predicate = true> <Delay = 2.59> <CoreInst = "Cmp">   --->   Core 9 'Cmp' <Latency = 0> <II = 1> <Delay = 2.59> <FuncUnit> <Opcode : 'seteq' 'setne' 'setle' 'setge' 'setlt' 'setgt'> <InPorts = 2> <OutPorts = 1>
ST_12 : Operation 50 [1/1] (0.73ns)   --->   "%select_ln37_1 = select i1 %icmp_ln37_1, i31 %trunc_ln37, i31 0" [convolutie_2d.cpp:37]   --->   Operation 50 'select' 'select_ln37_1' <Predicate = true> <Delay = 0.73> <CoreInst = "Sel">   --->   Core 73 'Sel' <Latency = 0> <II = 1> <Delay = 0.73> <FuncUnit> <Opcode : 'select'> <InPorts = 3> <OutPorts = 1>
ST_12 : Operation 51 [1/2] (6.91ns)   --->   "%mul_ln3 = mul i62 %zext_ln3, i62 %zext_ln3_1" [convolutie_2d.cpp:3]   --->   Operation 51 'mul' 'mul_ln3' <Predicate = true> <Delay = 6.91> <CoreInst = "Multiplier">   --->   Core 3 'Multiplier' <Latency = 1> <II = 1> <Delay = 6.91> <FuncUnit> <Opcode : 'mul'> <InPorts = 2> <OutPorts = 1>

State 13 <SV = 12> <Delay = 5.10>
ST_13 : Operation 52 [1/1] (2.55ns)   --->   "%sub_ln37 = sub i33 1, i33 %zext_ln37_1" [convolutie_2d.cpp:37]   --->   Operation 52 'sub' 'sub_ln37' <Predicate = true> <Delay = 2.55> <CoreInst = "Adder">   --->   Core 1 'Adder' <Latency = 0> <II = 1> <Delay = 2.55> <FuncUnit> <Opcode : 'add' 'sub'> <InPorts = 2> <OutPorts = 1>
ST_13 : Operation 53 [2/2] (2.55ns)   --->   "%call_ln3 = call void @filter_afbeelding_Pipeline_Loop_Rows_Loop_Cols, i32 %gmem_uitvoer, i32 %breedte_read, i32 %gmem_invoer, i62 %mul_ln3, i62 %trunc_ln, i32 %breedte_read, i33 %sub_ln37, i64 %uitvoer_pixels_read, i31 %select_ln37_1" [convolutie_2d.cpp:3]   --->   Operation 53 'call' 'call_ln3' <Predicate = true> <Delay = 2.55> <CoreType = "Generic">   --->   Generic Core

State 14 <SV = 13> <Delay = 0.00>
ST_14 : Operation 54 [1/1] (0.00ns)   --->   "%spectopmodule_ln3 = spectopmodule void @_ssdm_op_SpecTopModule, void @empty_13" [convolutie_2d.cpp:3]   --->   Operation 54 'spectopmodule' 'spectopmodule_ln3' <Predicate = true> <Delay = 0.00>
ST_14 : Operation 55 [1/1] (0.00ns)   --->   "%specinterface_ln0 = specinterface void @_ssdm_op_SpecInterface, i32 %gmem_invoer, void @empty, i32 0, i32 0, void @empty_0, i32 0, i32 65536, void @empty_1, void @empty_2, void @empty_0, i32 16, i32 16, i32 64, i32 16, void @empty_0, void @empty_0, i32 4294967295, i32 0, i32 0, i32 4"   --->   Operation 55 'specinterface' 'specinterface_ln0' <Predicate = true> <Delay = 0.00>
ST_14 : Operation 56 [1/1] (0.00ns)   --->   "%specbitsmap_ln0 = specbitsmap void @_ssdm_op_SpecBitsMap, i32 %gmem_invoer"   --->   Operation 56 'specbitsmap' 'specbitsmap_ln0' <Predicate = true> <Delay = 0.00>
ST_14 : Operation 57 [1/1] (0.00ns)   --->   "%specinterface_ln0 = specinterface void @_ssdm_op_SpecInterface, i32 %gmem_uitvoer, void @empty, i32 0, i32 0, void @empty_0, i32 0, i32 65536, void @empty_3, void @empty_2, void @empty_0, i32 16, i32 16, i32 16, i32 64, void @empty_0, void @empty_0, i32 4294967295, i32 0, i32 0, i32 4"   --->   Operation 57 'specinterface' 'specinterface_ln0' <Predicate = true> <Delay = 0.00>
ST_14 : Operation 58 [1/1] (0.00ns)   --->   "%specbitsmap_ln0 = specbitsmap void @_ssdm_op_SpecBitsMap, i32 %gmem_uitvoer"   --->   Operation 58 'specbitsmap' 'specbitsmap_ln0' <Predicate = true> <Delay = 0.00>
ST_14 : Operation 59 [1/1] (0.00ns)   --->   "%specinterface_ln0 = specinterface void @_ssdm_op_SpecInterface, i64 %invoer_pixels, void @empty_4, i32 4294967295, i32 4294967295, void @empty_0, i32 0, i32 0, void @empty_5, void @empty_6, void @empty_0, i32 0, i32 0, i32 0, i32 0, void @empty_0, void @empty_7, i32 4294967295, i32 0, i32 0, i32 0"   --->   Operation 59 'specinterface' 'specinterface_ln0' <Predicate = true> <Delay = 0.00>
ST_14 : Operation 60 [1/1] (0.00ns)   --->   "%specinterface_ln0 = specinterface void @_ssdm_op_SpecInterface, i64 %invoer_pixels, void @empty_8, i32 0, i32 0, void @empty_0, i32 0, i32 0, void @empty_0, void @empty_0, void @empty_0, i32 0, i32 0, i32 0, i32 0, void @empty_0, void @empty_7, i32 4294967295, i32 0, i32 0, i32 0"   --->   Operation 60 'specinterface' 'specinterface_ln0' <Predicate = true> <Delay = 0.00>
ST_14 : Operation 61 [1/1] (0.00ns)   --->   "%specinterface_ln0 = specinterface void @_ssdm_op_SpecInterface, i64 %uitvoer_pixels, void @empty_4, i32 4294967295, i32 4294967295, void @empty_0, i32 0, i32 0, void @empty_5, void @empty_9, void @empty_0, i32 0, i32 0, i32 0, i32 0, void @empty_0, void @empty_7, i32 4294967295, i32 0, i32 0, i32 0"   --->   Operation 61 'specinterface' 'specinterface_ln0' <Predicate = true> <Delay = 0.00>
ST_14 : Operation 62 [1/1] (0.00ns)   --->   "%specinterface_ln0 = specinterface void @_ssdm_op_SpecInterface, i64 %uitvoer_pixels, void @empty_8, i32 0, i32 0, void @empty_0, i32 0, i32 0, void @empty_0, void @empty_0, void @empty_0, i32 0, i32 0, i32 0, i32 0, void @empty_0, void @empty_7, i32 4294967295, i32 0, i32 0, i32 0"   --->   Operation 62 'specinterface' 'specinterface_ln0' <Predicate = true> <Delay = 0.00>
ST_14 : Operation 63 [1/1] (0.00ns)   --->   "%specbitsmap_ln0 = specbitsmap void @_ssdm_op_SpecBitsMap, i32 %breedte"   --->   Operation 63 'specbitsmap' 'specbitsmap_ln0' <Predicate = true> <Delay = 0.00>
ST_14 : Operation 64 [1/1] (0.00ns)   --->   "%specinterface_ln0 = specinterface void @_ssdm_op_SpecInterface, i32 %breedte, void @empty_4, i32 4294967295, i32 4294967295, void @empty_0, i32 0, i32 0, void @empty_5, void @empty_10, void @empty_0, i32 0, i32 0, i32 0, i32 0, void @empty_0, void @empty_0, i32 4294967295, i32 0, i32 0, i32 0"   --->   Operation 64 'specinterface' 'specinterface_ln0' <Predicate = true> <Delay = 0.00>
ST_14 : Operation 65 [1/1] (0.00ns)   --->   "%specinterface_ln0 = specinterface void @_ssdm_op_SpecInterface, i32 %breedte, void @empty_8, i32 0, i32 0, void @empty_0, i32 0, i32 0, void @empty_0, void @empty_0, void @empty_0, i32 0, i32 0, i32 0, i32 0, void @empty_0, void @empty_0, i32 4294967295, i32 0, i32 0, i32 0"   --->   Operation 65 'specinterface' 'specinterface_ln0' <Predicate = true> <Delay = 0.00>
ST_14 : Operation 66 [1/1] (0.00ns)   --->   "%specbitsmap_ln0 = specbitsmap void @_ssdm_op_SpecBitsMap, i32 %hoogte"   --->   Operation 66 'specbitsmap' 'specbitsmap_ln0' <Predicate = true> <Delay = 0.00>
ST_14 : Operation 67 [1/1] (0.00ns)   --->   "%specinterface_ln0 = specinterface void @_ssdm_op_SpecInterface, i32 %hoogte, void @empty_4, i32 4294967295, i32 4294967295, void @empty_0, i32 0, i32 0, void @empty_5, void @empty_11, void @empty_0, i32 0, i32 0, i32 0, i32 0, void @empty_0, void @empty_0, i32 4294967295, i32 0, i32 0, i32 0"   --->   Operation 67 'specinterface' 'specinterface_ln0' <Predicate = true> <Delay = 0.00>
ST_14 : Operation 68 [1/1] (0.00ns)   --->   "%specinterface_ln0 = specinterface void @_ssdm_op_SpecInterface, i32 %hoogte, void @empty_8, i32 0, i32 0, void @empty_0, i32 0, i32 0, void @empty_0, void @empty_0, void @empty_0, i32 0, i32 0, i32 0, i32 0, void @empty_0, void @empty_0, i32 4294967295, i32 0, i32 0, i32 0"   --->   Operation 68 'specinterface' 'specinterface_ln0' <Predicate = true> <Delay = 0.00>
ST_14 : Operation 69 [1/1] (0.00ns)   --->   "%specbitsmap_ln0 = specbitsmap void @_ssdm_op_SpecBitsMap, i32 %kanalen"   --->   Operation 69 'specbitsmap' 'specbitsmap_ln0' <Predicate = true> <Delay = 0.00>
ST_14 : Operation 70 [1/1] (0.00ns)   --->   "%specinterface_ln0 = specinterface void @_ssdm_op_SpecInterface, i32 %kanalen, void @empty_4, i32 4294967295, i32 4294967295, void @empty_0, i32 0, i32 0, void @empty_5, void @empty_12, void @empty_0, i32 0, i32 0, i32 0, i32 0, void @empty_0, void @empty_0, i32 4294967295, i32 0, i32 0, i32 0"   --->   Operation 70 'specinterface' 'specinterface_ln0' <Predicate = true> <Delay = 0.00>
ST_14 : Operation 71 [1/1] (0.00ns)   --->   "%specinterface_ln0 = specinterface void @_ssdm_op_SpecInterface, i32 %kanalen, void @empty_8, i32 0, i32 0, void @empty_0, i32 0, i32 0, void @empty_0, void @empty_0, void @empty_0, i32 0, i32 0, i32 0, i32 0, void @empty_0, void @empty_0, i32 4294967295, i32 0, i32 0, i32 0"   --->   Operation 71 'specinterface' 'specinterface_ln0' <Predicate = true> <Delay = 0.00>
ST_14 : Operation 72 [1/1] (0.00ns)   --->   "%specinterface_ln0 = specinterface void @_ssdm_op_SpecInterface, i32 0, void @empty_4, i32 0, i32 0, void @empty_0, i32 0, i32 0, void @empty_5, void @empty_0, void @empty_0, i32 0, i32 0, i32 0, i32 0, void @empty_0, void @empty_0, i32 0, i32 0, i32 0, i32 0"   --->   Operation 72 'specinterface' 'specinterface_ln0' <Predicate = true> <Delay = 0.00>
ST_14 : Operation 73 [1/2] (0.00ns)   --->   "%call_ln3 = call void @filter_afbeelding_Pipeline_Loop_Rows_Loop_Cols, i32 %gmem_uitvoer, i32 %breedte_read, i32 %gmem_invoer, i62 %mul_ln3, i62 %trunc_ln, i32 %breedte_read, i33 %sub_ln37, i64 %uitvoer_pixels_read, i31 %select_ln37_1" [convolutie_2d.cpp:3]   --->   Operation 73 'call' 'call_ln3' <Predicate = true> <Delay = 0.00> <CoreType = "Generic">   --->   Generic Core
ST_14 : Operation 74 [1/1] (0.00ns)   --->   "%ret_ln90 = ret" [convolutie_2d.cpp:90]   --->   Operation 74 'ret' 'ret_ln90' <Predicate = true> <Delay = 0.00>


============================================================
+ Verbose Summary: Timing violations
============================================================
Target clock period: 10.000ns, clock uncertainty: 2.700ns.

 <State 1>: 3.552ns
The critical path consists of the following:
	s_axi read operation ('hoogte_read', convolutie_2d.cpp:3) on port 'hoogte' (convolutie_2d.cpp:3) [8]  (1.000 ns)
	'icmp' operation 1 bit ('icmp_ln37', convolutie_2d.cpp:37) [33]  (2.552 ns)

 <State 2>: 6.912ns
The critical path consists of the following:
	'mul' operation 63 bit ('mul_ln37', convolutie_2d.cpp:37) [38]  (6.912 ns)

 <State 3>: 6.912ns
The critical path consists of the following:
	'mul' operation 63 bit ('mul_ln37', convolutie_2d.cpp:37) [38]  (6.912 ns)

 <State 4>: 1.414ns
The critical path consists of the following:
	'select' operation 63 bit ('select_ln37', convolutie_2d.cpp:37) [39]  (0.000 ns)
	'select' operation 63 bit ('empty', convolutie_2d.cpp:37) [43]  (1.414 ns)

 <State 5>: 7.300ns
The critical path consists of the following:
	'getelementptr' operation 32 bit ('gmem_invoer_addr', convolutie_2d.cpp:37) [42]  (0.000 ns)
	bus request operation ('empty_49', convolutie_2d.cpp:37) on port 'gmem_invoer' (convolutie_2d.cpp:37) [45]  (0.000 ns)
	blocking operation 7.3 ns on control path)

 <State 6>: 0.000ns
The critical path consists of the following:

 <State 7>: 0.000ns
The critical path consists of the following:

 <State 8>: 0.000ns
The critical path consists of the following:

 <State 9>: 0.000ns
The critical path consists of the following:

 <State 10>: 0.000ns
The critical path consists of the following:

 <State 11>: 6.912ns
The critical path consists of the following:
	'mul' operation 62 bit ('mul_ln3', convolutie_2d.cpp:3) [55]  (6.912 ns)

 <State 12>: 7.300ns
The critical path consists of the following:
	bus request operation ('empty_49', convolutie_2d.cpp:37) on port 'gmem_invoer' (convolutie_2d.cpp:37) [45]  (7.300 ns)

 <State 13>: 5.104ns
The critical path consists of the following:
	'sub' operation 33 bit ('sub_ln37', convolutie_2d.cpp:37) [50]  (2.552 ns)
	'call' operation ('call_ln3', convolutie_2d.cpp:3) to 'filter_afbeelding_Pipeline_Loop_Rows_Loop_Cols' [56]  (2.552 ns)

 <State 14>: 0.000ns
The critical path consists of the following:


============================================================
+ Verbose Summary: Binding
============================================================
N/A
* FSMD analyzer results:
  - Output states:
 - Input state : 
  - Chain level:
	State 1
	State 2
	State 3
	State 4
	State 5
	State 6
	State 7
	State 8
	State 9
	State 10
	State 11
	State 12
	State 13
	State 14


============================================================
+ Verbose Summary: Datapath Resource usage 
============================================================
N/A
